
> backend@0.1.0 test
> vitest run

node.exe : Γû▓ [WARNING] Duplicate 
key "cors" in object literal 
[duplicate-object-key]
At line:1 char:1
+ & "C:\Program 
Files\nodejs/node.exe" "C:\Program 
Files\nodejs/node_mo ...
+ ~~~~~~~~~~~~~~~~~~~~~~~~~~~~~~~~~~~
~~~~~~~~~~~~~~~~~~~~~~~~~~~~~~~~~~
    + CategoryInfo          : NotSpe 
   cified: (Γû▓ [WARNING] D...ate-o  
  bject-key]:String) [], RemoteExc   
 eption
    + FullyQualifiedErrorId : Native 
   CommandError
 

    package.json:21:4:
      21 Γöé     "cors": "^2.8.5",
         Γò╡     ~~~~~~

  The original key "cors" is here:

    package.json:18:4:
      18 Γöé     "cors": "^2.8.5",
         Γò╡     ~~~~~~


[7m[1m[36m RUN [39m[22m[27m [36mv0.34.6[39m [90mC:/Users/jacki/second-space/backend[39m

 [32mΓ£ô[39m src/utils/__tests__/pathSecurity.test.js [2m ([22m[2m22 tests[22m[2m)[22m[90m 11[2mms[22m[39m
 [32mΓ£ô[39m src/controllers/__tests__/userControllers.test.js [2m ([22m[2m11 tests[22m[2m)[22m[90m 16[2mms[22m[39m
[90mstdout[2m | src/controllers/__tests__/userControllers.test.js[2m > [22m[2mUser Controller - authenticate[2m > [22m[2mreturns 404 and login invalid when credentials invalid[22m[39m
Invalid Login

[90mstdout[2m | src/controllers/__tests__/userControllers.test.js[2m > [22m[2mUser Controller - authenticate[2m > [22m[2mreturns 404 when password validation fails[22m[39m
Invalid Login

[90mstdout[2m | src/controllers/__tests__/userControllers.test.js[2m > [22m[2mUser Controller - authenticate[2m > [22m[2mreturns 404 and login invalid when user not found[22m[39m
Invalid Login

[90mstdout[2m | src/controllers/__tests__/userControllers.test.js[2m > [22m[2mUser Controller - authenticate[2m > [22m[2mreturns 500 on database error[22m[39m
Error: Database connection failed
    at C:\Users\jacki\second-space\backend\src\controllers\__tests__\userControllers.test.js:278:38
    at file:///C:/Users/jacki/second-space/backend/node_modules/@vitest/runner/dist/index.js:135:14
    at file:///C:/Users/jacki/second-space/backend/node_modules/@vitest/runner/dist/index.js:58:26
    at runTest (file:///C:/Users/jacki/second-space/backend/node_modules/@vitest/runner/dist/index.js:663:17)
    at runSuite (file:///C:/Users/jacki/second-space/backend/node_modules/@vitest/runner/dist/index.js:782:15)
    at runSuite (file:///C:/Users/jacki/second-space/backend/node_modules/@vitest/runner/dist/index.js:782:15)
    at runFiles (file:///C:/Users/jacki/second-space/backend/node_modules/@vitest/runner/dist/index.js:834:5)
    at startTests (file:///C:/Users/jacki/second-space/backend/node_modules/@vitest/runner/dist/index.js:843:3)
    at file:///C:/Users/jacki/second-space/backend/node_modules/vitest/dist/entry.js:103:7
    at withEnv (file:///C:/Users/jacki/second-space/backend/node_modules/vitest/dist/entry.js:73:5)

[90mstdout[2m | src/services/__tests__/mediaServices.test.js[2m > [22m[2mmediaServices.generateFilepath and insertMediaToDatabase[2m > [22m[2minsertMediaToDatabase cleans up file when DB insert throws[22m[39m
Error: db failure
    at [90mC:\Users\jacki\second-space\backend\[39msrc\services\__tests__\mediaServices.test.js:48:38
    at [90mfile:///C:/Users/jacki/second-space/backend/[39mnode_modules/[4m@vitest[24m/runner/dist/index.js:135:14
    at [90mfile:///C:/Users/jacki/second-space/backend/[39mnode_modules/[4m@vitest[24m/runner/dist/index.js:58:26
    at runTest [90m(file:///C:/Users/jacki/second-space/backend/[39mnode_modules/[4m@vitest[24m/runner/dist/index.js:663:17[90m)[39m
    at runSuite [90m(file:///C:/Users/jacki/second-space/backend/[39mnode_modules/[4m@vitest[24m/runner/dist/index.js:782:15[90m)[39m
    at runSuite [90m(file:///C:/Users/jacki/second-space/backend/[39mnode_modules/[4m@vitest[24m/runner/dist/index.js:782:15[90m)[39m
    at runFiles [90m(file:///C:/Users/jacki/second-space/backend/[39mnode_modules/[4m@vitest[24m/runner/dist/index.js:834:5[90m)[39m
    at startTests [90m(file:///C:/Users/jacki/second-space/backend/[39mnode_modules/[4m@vitest[24m/runner/dist/index.js:843:3[90m)[39m
    at [90mfile:///C:/Users/jacki/second-space/backend/[39mnode_modules/[4mvitest[24m/dist/entry.js:103:7
    at withEnv [90m(file:///C:/Users/jacki/second-space/backend/[39mnode_modules/[4mvitest[24m/dist/entry.js:73:5[90m)[39m

[90mstdout[2m | src/services/__tests__/mediaServices.test.js[2m > [22m[2mmediaServices.generateFilepath and insertMediaToDatabase[2m > [22m[2minsertMediaToDatabase cleans up file when DB insert returns no rows[22m[39m
Media did not insert: [
  [33m1[39m,
  [32m'notes.txt'[39m,
  [32m'/uploads/text/d08ca82f0bd1b5dac0bcfd03046ddf52.txt'[39m,
  [33m12[39m,
  [1mnull[22m,
  [35m2025-12-05T02:59:00.065Z[39m,
  [1mnull[22m,
  [1mnull[22m,
  [33m0[39m
]

[90mstdout[2m | src/controllers/__tests__/mediaControllers.test.js[2m > [22m[2mMedia Controller[2m > [22m[2mcreateMedia returns 500 when service throws[22m[39m
Error: db down
    at [90mC:\Users\jacki\second-space\backend\[39msrc\controllers\__tests__\mediaControllers.test.js:138:38
    at [90mfile:///C:/Users/jacki/second-space/backend/[39mnode_modules/[4m@vitest[24m/runner/dist/index.js:135:14
    at [90mfile:///C:/Users/jacki/second-space/backend/[39mnode_modules/[4m@vitest[24m/runner/dist/index.js:58:26
    at runTest [90m(file:///C:/Users/jacki/second-space/backend/[39mnode_modules/[4m@vitest[24m/runner/dist/index.js:663:17[90m)[39m
    at runSuite [90m(file:///C:/Users/jacki/second-space/backend/[39mnode_modules/[4m@vitest[24m/runner/dist/index.js:782:15[90m)[39m
    at runSuite [90m(file:///C:/Users/jacki/second-space/backend/[39mnode_modules/[4m@vitest[24m/runner/dist/index.js:782:15[90m)[39m
    at runFiles [90m(file:///C:/Users/jacki/second-space/backend/[39mnode_modules/[4m@vitest[24m/runner/dist/index.js:834:5[90m)[39m
    at startTests [90m(file:///C:/Users/jacki/second-space/backend/[39mnode_modules/[4m@vitest[24m/runner/dist/index.js:843:3[90m)[39m
    at [90mfile:///C:/Users/jacki/second-space/backend/[39mnode_modules/[4mvitest[24m/dist/entry.js:103:7
    at withEnv [90m(file:///C:/Users/jacki/second-space/backend/[39mnode_modules/[4mvitest[24m/dist/entry.js:73:5[90m)[39m

 [32mΓ£ô[39m src/controllers/__tests__/mediaControllers.test.js [2m ([22m[2m9 tests[22m[2m)[22m[90m 26[2mms[22m[39m
[90mstdout[2m | src/services/__tests__/mediaServices.test.js[2m > [22m[2mmediaServices.generateFilepath and insertMediaToDatabase[2m > [22m[2minsertMediaToDatabase rejects too-large base64[22m[39m
Error: File too large
    at generateFilepath [90m(C:\Users\jacki\second-space\backend\[39msrc\services\mediaServices.js:358:13[90m)[39m
    at Object.insertMediaToDatabase [90m(C:\Users\jacki\second-space\backend\[39msrc\services\mediaServices.js:195:22[90m)[39m
    at [90mC:\Users\jacki\second-space\backend\[39msrc\services\__tests__\mediaServices.test.js:262:5
    at runTest [90m(file:///C:/Users/jacki/second-space/backend/[39mnode_modules/[4m@vitest[24m/runner/dist/index.js:663:11[90m)[39m
    at runSuite [90m(file:///C:/Users/jacki/second-space/backend/[39mnode_modules/[4m@vitest[24m/runner/dist/index.js:782:15[90m)[39m
    at runSuite [90m(file:///C:/Users/jacki/second-space/backend/[39mnode_modules/[4m@vitest[24m/runner/dist/index.js:782:15[90m)[39m
    at runFiles [90m(file:///C:/Users/jacki/second-space/backend/[39mnode_modules/[4m@vitest[24m/runner/dist/index.js:834:5[90m)[39m
    at startTests [90m(file:///C:/Users/jacki/second-space/backend/[39mnode_modules/[4m@vitest[24m/runner/dist/index.js:843:3[90m)[39m
    at [90mfile:///C:/Users/jacki/second-space/backend/[39mnode_modules/[4mvitest[24m/dist/entry.js:103:7
    at withEnv [90m(file:///C:/Users/jacki/second-space/backend/[39mnode_modules/[4mvitest[24m/dist/entry.js:73:5[90m)[39m

[90mstdout[2m | src/services/__tests__/mediaServices.test.js[2m > [22m[2mmediaServices.generateFilepath and insertMediaToDatabase[2m > [22m[2mgenerateFilepath rejects disallowed file extension[22m[39m
Error: File extension ".exe" is not allowed.
    at generateFilepath [90m(C:\Users\jacki\second-space\backend\[39msrc\services\mediaServices.js:327:11[90m)[39m
    at Object.insertMediaToDatabase [90m(C:\Users\jacki\second-space\backend\[39msrc\services\mediaServices.js:195:28[90m)[39m
    at [90mC:\Users\jacki\second-space\backend\[39msrc\services\__tests__\mediaServices.test.js:287:32
    at [90mfile:///C:/Users/jacki/second-space/backend/[39mnode_modules/[4m@vitest[24m/runner/dist/index.js:135:14
    at [90mfile:///C:/Users/jacki/second-space/backend/[39mnode_modules/[4m@vitest[24m/runner/dist/index.js:58:26
    at runTest [90m(file:///C:/Users/jacki/second-space/backend/[39mnode_modules/[4m@vitest[24m/runner/dist/index.js:663:17[90m)[39m
    at runSuite [90m(file:///C:/Users/jacki/second-space/backend/[39mnode_modules/[4m@vitest[24m/runner/dist/index.js:782:15[90m)[39m
    at runSuite [90m(file:///C:/Users/jacki/second-space/backend/[39mnode_modules/[4m@vitest[24m/runner/dist/index.js:782:15[90m)[39m
    at runFiles [90m(file:///C:/Users/jacki/second-space/backend/[39mnode_modules/[4m@vitest[24m/runner/dist/index.js:834:5[90m)[39m
    at startTests [90m(file:///C:/Users/jacki/second-space/backend/[39mnode_modules/[4m@vitest[24m/runner/dist/index.js:843:3[90m)[39m

[90mstdout[2m | src/services/__tests__/mediaServices.test.js[2m > [22m[2mmediaServices.generateFilepath and insertMediaToDatabase[2m > [22m[2mgenerateFilepath rejects mismatched MIME type[22m[39m
Error: File content MIME type "image/jpeg" does not match extension ".png". Expected one of: image/png
    at validateMimeType [90m(C:\Users\jacki\second-space\backend\[39msrc\services\mediaServices.js:61:11[90m)[39m
    at generateFilepath [90m(C:\Users\jacki\second-space\backend\[39msrc\services\mediaServices.js:362:5[90m)[39m
    at Object.insertMediaToDatabase [90m(C:\Users\jacki\second-space\backend\[39msrc\services\mediaServices.js:195:22[90m)[39m
    at [90mC:\Users\jacki\second-space\backend\[39msrc\services\__tests__\mediaServices.test.js:305:5
    at runTest [90m(file:///C:/Users/jacki/second-space/backend/[39mnode_modules/[4m@vitest[24m/runner/dist/index.js:663:11[90m)[39m
    at runSuite [90m(file:///C:/Users/jacki/second-space/backend/[39mnode_modules/[4m@vitest[24m/runner/dist/index.js:782:15[90m)[39m
    at runSuite [90m(file:///C:/Users/jacki/second-space/backend/[39mnode_modules/[4m@vitest[24m/runner/dist/index.js:782:15[90m)[39m
    at runFiles [90m(file:///C:/Users/jacki/second-space/backend/[39mnode_modules/[4m@vitest[24m/runner/dist/index.js:834:5[90m)[39m
    at startTests [90m(file:///C:/Users/jacki/second-space/backend/[39mnode_modules/[4m@vitest[24m/runner/dist/index.js:843:3[90m)[39m
    at [90mfile:///C:/Users/jacki/second-space/backend/[39mnode_modules/[4mvitest[24m/dist/entry.js:103:7

[90mstdout[2m | src/services/__tests__/mediaServices.test.js[2m > [22m[2mmediaServices.getMedia[2m > [22m[2mgetMedia returns 500 on database error[22m[39m
Error: Connection lost
    at C:\Users\jacki\second-space\backend\src\services\__tests__\mediaServices.test.js:431:38
    at file:///C:/Users/jacki/second-space/backend/node_modules/@vitest/runner/dist/index.js:135:14
    at file:///C:/Users/jacki/second-space/backend/node_modules/@vitest/runner/dist/index.js:58:26
    at runTest (file:///C:/Users/jacki/second-space/backend/node_modules/@vitest/runner/dist/index.js:663:17)
    at runSuite (file:///C:/Users/jacki/second-space/backend/node_modules/@vitest/runner/dist/index.js:782:15)
    at runSuite (file:///C:/Users/jacki/second-space/backend/node_modules/@vitest/runner/dist/index.js:782:15)
    at runFiles (file:///C:/Users/jacki/second-space/backend/node_modules/@vitest/runner/dist/index.js:834:5)
    at startTests (file:///C:/Users/jacki/second-space/backend/node_modules/@vitest/runner/dist/index.js:843:3)
    at file:///C:/Users/jacki/second-space/backend/node_modules/vitest/dist/entry.js:103:7
    at withEnv (file:///C:/Users/jacki/second-space/backend/node_modules/vitest/dist/entry.js:73:5)

 [32mΓ£ô[39m src/services/__tests__/mediaServices.test.js [2m ([22m[2m23 tests[22m[2m)[22m[90m 82[2mms[22m[39m

[2m Test Files [22m [1m[32m4 passed[39m[22m[90m (4)[39m
[2m      Tests [22m [1m[32m65 passed[39m[22m[90m (65)[39m
[2m   Start at [22m 20:58:59
[2m   Duration [22m 657ms[2m (transform 267ms, setup 0ms, collect 533ms, tests 135ms, environment 1ms, prepare 615ms)[22m

